[robovission.netlify.app/index.html]
[backblue.gif]
[fade.gif]
[index.html]
[robovission.netlify.app/img/core-img/favicon.ico]
[robovission.netlify.app/css/style.css]
[robovission.netlify.app/css/responsive.css]
[robovission.netlify.app/index-2.html]
[robovission.netlify.app/img/core-img/logo.png]
[robovission.netlify.app/index-demo-1.html]
[robovission.netlify.app/img/demos/demo-1.png]
[robovission.netlify.app/index-demo-2.html]
[robovission.netlify.app/img/demos/demo-2.png]
[robovission.netlify.app/index-demo-3.html]
[robovission.netlify.app/img/demos/demo-3.png]
[robovission.netlify.app/index-demo-4.html]
[robovission.netlify.app/img/demos/demo-4.png]
[robovission.netlify.app/index-demo-5.html]
[robovission.netlify.app/img/demos/demo-5.png]
[robovission.netlify.app/index-demo-6.html]
[robovission.netlify.app/img/demos/demo-6.png]
[robovission.netlify.app/about-us.html]
[robovission.netlify.app/img/demos/demo-7.png]
[robovission.netlify.app/services.html]
[robovission.netlify.app/img/demos/demo-8.png]
[robovission.netlify.app/faq.html]
[robovission.netlify.app/img/demos/demo-9.png]
[robovission.netlify.app/js/popper.min.js]
[robovission.netlify.app/js/jquery.min.js]
[robovission.netlify.app/js/bootstrap.min.js]
[robovission.netlify.app/js/animated.js]
[robovission.netlify.app/js/script.js]
[robovission.netlify.app/index.html]
[robovission.netlify.app/css/bootstrap.min.css]
[robovission.netlify.app/css/animate.css]
[robovission.netlify.app/css/about-sonar.css]
[robovission.netlify.app/js/plugins.js]
[robovission.netlify.app/css/classy-nav.min.css]
[robovission.netlify.app/css/dzsparallaxer.css]
[robovission.netlify.app/css/owl.carousel.min.css]
[robovission.netlify.app/css/magnific-popup.css]
[robovission.netlify.app/css/animated-headline.css]
[robovission.netlify.app/css/font-awesome.min.css]
[robovission.netlify.app/css/font-icons.css]
[robovission.netlify.app/css/cryptocoins.css]
[robovission.netlify.app/css/themify-icons.css]
[robovission.netlify.app/img/core-img/shape1.png]
[robovission.netlify.app/img/svg/bg-header1.svg]
[robovission.netlify.app/img/bg-img/travel-bg.png]
[robovission.netlify.app/img/svg/diamond-shape.svg]
[robovission.netlify.app/img/bg-img/header2.jpg]
[robovission.netlify.app/img/bg-img/header4.png]
[robovission.netlify.app/img/bg-img/demo-bg.png]
[robovission.netlify.app/img/bg-img/header5.jpg]
[robovission.netlify.app/img/bg-img/header2.png]
[robovission.netlify.app/img/bg-img/ai1.png]
[robovission.netlify.app/img/bg-img/ai2.png]
[robovission.netlify.app/img/bg-img/ai3.png]
[robovission.netlify.app/img/bg-img/h-sec.jpg]
[robovission.netlify.app/img/core-img/demo-before.png]
[robovission.netlify.app/img/svg/bg_hero.svg]
[robovission.netlify.app/img/bg-img/header3.png]
[robovission.netlify.app/img/bg-img/banner-bg.jpg]
[robovission.netlify.app/img/bg-img/tringle.png]
[robovission.netlify.app/img/bg-img/trans.png]
[robovission.netlify.app/img/core-img/hero-bg.png]
[robovission.netlify.app/img/core-img/robot-1.png]
[robovission.netlify.app/img/core-img/robot-2.png]
[robovission.netlify.app/img/svg/head-bg-1.svg]
[robovission.netlify.app/img/bg-img/header-1.png]
[robovission.netlify.app/img/core-img/video-btn-bg.png]
[robovission.netlify.app/img/svg/hex-pattern.svg]
[robovission.netlify.app/img/core-img/about-1.png]
[robovission.netlify.app/img/core-img/faq.png]
[robovission.netlify.app/img/core-img/saas4.png]
[robovission.netlify.app/img/core-img/travel.png]
[robovission.netlify.app/img/core-img/pizza-header.png]
[robovission.netlify.app/css/video/video-frame.PNG]
[robovission.netlify.app/img/svg/section-bg.svg]
[robovission.netlify.app/img/bg-img/section-bg.png]
[robovission.netlify.app/img/bg-img/header6.jpg]
[robovission.netlify.app/img/bg-img/about-sec.png]
[robovission.netlify.app/img/svg/ai-illustration.svg]
[robovission.netlify.app/img/bg-img/bread-bg.png]
[robovission.netlify.app/img/svg/checkmark.svg]
[robovission.netlify.app/img/core-img/cards-bg.png]
[robovission.netlify.app/img/core-img/wave-shap.png]
[robovission.netlify.app/img/bg-img/footer-bg.png]
[robovission.netlify.app/img/svg/download-bg2.svg]
[robovission.netlify.app/img/svg/download-bg3.svg]
[robovission.netlify.app/img/svg/pdf.svg]
[robovission.netlify.app/img/svg/view.svg]
[robovission.netlify.app/css/style.css]
[robovission.netlify.app/css/responsive.css]
[robovission.netlify.app/index-2.html]
[robovission.netlify.app/index-blog.html]
[robovission.netlify.app/index-blog-with-sidebar.html]
[robovission.netlify.app/index-single-blog.html]
[robovission.netlify.app/contact-us.html]
[robovission.netlify.app/img/core-img/robo.png]
[robovission.netlify.app/img/svg/header-1.svg]
[robovission.netlify.app/img/partners/p1.svg]
[robovission.netlify.app/img/partners/p2.svg]
[robovission.netlify.app/img/partners/p3.svg]
[robovission.netlify.app/img/partners/p4.svg]
[robovission.netlify.app/img/partners/p5.svg]
[robovission.netlify.app/img/partners/p6.svg]
[robovission.netlify.app/img/services/s1.png]
[robovission.netlify.app/img/services/s2.png]
[robovission.netlify.app/img/services/s3.png]
[robovission.netlify.app/img/services/s4.png]
[robovission.netlify.app/img/services/s5.png]
[robovission.netlify.app/img/services/s6.png]
[robovission.netlify.app/img/core-img/high.jpg]
[robovission.netlify.app/img/core-img/saas2.png]
[robovission.netlify.app/img/svg/about1.svg]
[robovission.netlify.app/img/features/feature-1.svg]
[robovission.netlify.app/img/features/feature-2.svg]
[robovission.netlify.app/img/features/feature-3.svg]
[robovission.netlify.app/img/features/feature-4.svg]
[robovission.netlify.app/img/features/feature-5.svg]
[robovission.netlify.app/img/features/feature-6.svg]
[robovission.netlify.app/img/test-img/1.jpg]
[robovission.netlify.app/img/test-img/2.jpg]
[robovission.netlify.app/img/test-img/3.jpg]
[robovission.netlify.app/img/core-img/pattern.png]
[robovission.netlify.app/js/dzsparallaxer.js]
[robovission.netlify.app/js/jquery.syotimer.min.js]
[robovission.netlify.app/index-demo-1.html]
[robovission.netlify.app/img/svg/section-icon-2.svg]
[robovission.netlify.app/img/features/3.png]
[robovission.netlify.app/img/features/1.png]
[robovission.netlify.app/img/features/2.png]
[robovission.netlify.app/img/features/4.png]
[robovission.netlify.app/img/core-img/about-us.png]
[robovission.netlify.app/img/svg/section-icon-3.svg]
[robovission.netlify.app/img/svg/section-icon-5.svg]
[robovission.netlify.app/index-demo-2.html]
[robovission.netlify.app/img/svg/about3.svg]
[robovission.netlify.app/img/icons/h1.png]
[robovission.netlify.app/img/icons/h11.png]
[robovission.netlify.app/img/icons/h2.png]
[robovission.netlify.app/img/icons/h22.png]
[robovission.netlify.app/img/icons/h3.png]
[robovission.netlify.app/img/icons/h33.png]
[robovission.netlify.app/img/svg/feature1.svg]
[robovission.netlify.app/img/svg/feature2.svg]
[robovission.netlify.app/img/svg/feature3.svg]
[robovission.netlify.app/index-demo-3.html]
[robovission.netlify.app/index-demo-4.html]
[robovission.netlify.app/img/core-img/about4.png]
[robovission.netlify.app/index-demo-5.html]
[robovission.netlify.app/index-demo-6.html]
[robovission.netlify.app/about-us.html]
[robovission.netlify.app/services.html]
[robovission.netlify.app/faq.html]
[robovission.netlify.app/css/bootstrap.min.css]
[robovission.netlify.app/css/animate.css]
[robovission.netlify.app/css/about-sonar.css]
[robovission.netlify.app/fonts/classycb9bcb9b.eot]
[robovission.netlify.app/fonts/classycb9bcb9b.ttf]
[robovission.netlify.app/fonts/classycb9bcb9b.woff]
[robovission.netlify.app/css/classy-nav.min.css]
[robovission.netlify.app/css/img/grey_wash_wall.html]
[robovission.netlify.app/css/img/fog_clouds_png_by_paradise234-d5czivb.html]
[robovission.netlify.app/css/dzsparallaxer.css]
[robovission.netlify.app/css/owl.video.play.html]
[robovission.netlify.app/css/owl.carousel.min.css]
[robovission.netlify.app/css/magnific-popup.css]
[robovission.netlify.app/css/animated-headline.css]
[robovission.netlify.app/fonts/fontawesome-webfont3e6e3e6e.woff2]
[robovission.netlify.app/fonts/fontawesome-webfont3e6e3e6e.eot]
[robovission.netlify.app/fonts/fontawesome-webfontd41dd41d.eot]
[robovission.netlify.app/fonts/fontawesome-webfont3e6e3e6e.ttf]
[robovission.netlify.app/css/font-awesome.min.css]
[robovission.netlify.app/fonts/ui-iconsdc9c.eot]
[robovission.netlify.app/fonts/fontawesome-webfont3e6e3e6e.svg]
[robovission.netlify.app/fonts/ui-iconsdc9c.woff2]
[robovission.netlify.app/fonts/fontawesome-webfont3e6e3e6e.woff]
[robovission.netlify.app/fonts/ui-iconsdc9c.woff]
[robovission.netlify.app/fonts/ui-iconsdc9c.ttf]
[robovission.netlify.app/fonts/ui-iconsdc9c.svg]
[robovission.netlify.app/css/font-icons.css]
[robovission.netlify.app/fonts/cryptocoins.woff2]
[robovission.netlify.app/fonts/cryptocoins.ttf]
[robovission.netlify.app/css/cryptocoins.css]
[robovission.netlify.app/fonts/cryptocoins.woff]
[robovission.netlify.app/fonts/themify9f249f24.eot]
[robovission.netlify.app/fonts/themifyd41dd41d.eot]
[robovission.netlify.app/fonts/themify9f249f24.woff]
[robovission.netlify.app/fonts/themify9f249f24.ttf]
[robovission.netlify.app/css/themify-icons.css]
[robovission.netlify.app/img/core-img/shape1.html]
[robovission.netlify.app/img/svg/bg-header1.svg]
[robovission.netlify.app/img/bg-img/travel-bg.html]
[robovission.netlify.app/img/svg/diamond-shape.svg]
[robovission.netlify.app/img/bg-img/header2.html]
[robovission.netlify.app/img/bg-img/header5.html]
[robovission.netlify.app/img/svg/bg_hero.svg]
[robovission.netlify.app/img/svg/bg_hero1.svg]
[robovission.netlify.app/img/svg/bg_hero2.svg]
[robovission.netlify.app/img/bg-img/header3.html]
[robovission.netlify.app/img/bg-img/banner-bg.html]
[robovission.netlify.app/img/bg-img/tringle.html]
[robovission.netlify.app/img/bg-img/trans.html]
[robovission.netlify.app/img/core-img/hero-bg.html]
[robovission.netlify.app/img/core-img/robot-1.html]
[robovission.netlify.app/img/core-img/robot-2.html]
[robovission.netlify.app/img/svg/head-bg-1.html]
[robovission.netlify.app/img/bg-img/header-1.html]
[robovission.netlify.app/img/core-img/video-btn-bg.html]
[robovission.netlify.app/img/svg/benefits-bg.svg]
[robovission.netlify.app/img/svg/hex-pattern.svg]
[robovission.netlify.app/img/core-img/about-1.html]
[robovission.netlify.app/img/core-img/faq.html]
[robovission.netlify.app/img/core-img/saas4.html]
[robovission.netlify.app/img/core-img/travel.html]
[robovission.netlify.app/img/core-img/pizza-header.html]
[robovission.netlify.app/img/svg/hex-pattern2.svg]
[robovission.netlify.app/css/video/video-frame.html]
[robovission.netlify.app/img/svg/section-bg.svg]
[robovission.netlify.app/img/bg-img/header6.html]
[robovission.netlify.app/img/svg/ai-illustration.html]
[robovission.netlify.app/img/svg/checkmark.svg]
[robovission.netlify.app/img/core-img/wave-shap.html]
[robovission.netlify.app/img/svg/download-bg2.svg]
[robovission.netlify.app/img/svg/download-bg3.svg]
[robovission.netlify.app/img/svg/pdf.html]
[robovission.netlify.app/img/svg/view.html]
[robovission.netlify.app/img/blog-img/1.jpg]
[robovission.netlify.app/img/blog-img/2.jpg]
[robovission.netlify.app/fonts/themify9f249f24.svg]
[robovission.netlify.app/img/blog-img/3.jpg]
[robovission.netlify.app/img/core-img/footer-bg1.png]
[robovission.netlify.app/index-blog.html]
[robovission.netlify.app/img/bg-img/bg-4.jpg]
[robovission.netlify.app/index-blog-with-sidebar.html]
[robovission.netlify.app/index-single-blog.html]
[robovission.netlify.app/img/bg-img/bg-2.jpg]
[robovission.netlify.app/contact-us.html]
[robovission.netlify.app/img/svg/header-1.svg]
[robovission.netlify.app/img/partners/p1.svg]
[robovission.netlify.app/img/partners/p2.svg]
[robovission.netlify.app/img/partners/p3.svg]
[robovission.netlify.app/img/partners/p4.svg]
[robovission.netlify.app/img/partners/p5.svg]
[robovission.netlify.app/img/partners/p6.svg]
[robovission.netlify.app/img/svg/about1.svg]
[robovission.netlify.app/img/features/feature-1.svg]
[robovission.netlify.app/img/features/feature-2.svg]
[robovission.netlify.app/img/features/feature-3.svg]
[robovission.netlify.app/img/features/feature-4.svg]
[robovission.netlify.app/img/features/feature-5.svg]
[robovission.netlify.app/img/features/feature-6.svg]
[robovission.netlify.app/img/svg/section-icon-2.svg]
[robovission.netlify.app/img/svg/section-icon-3.svg]
[robovission.netlify.app/img/svg/section-icon-5.svg]
[robovission.netlify.app/img/svg/about3.svg]
[robovission.netlify.app/img/svg/feature1.svg]
[robovission.netlify.app/img/svg/feature2.svg]
[robovission.netlify.app/img/svg/feature3.svg]
[robovission.netlify.app/fonts/classycb9bcb9b.svg]
[robovission.netlify.app/css/img/grey_wash_wall.html]
[robovission.netlify.app/css/img/fog_clouds_png_by_paradise234-d5czivb.html]
[robovission.netlify.app/css/owl.video.play.html]
[robovission.netlify.app/fonts/fontawesome-webfont3e6e3e6e.svg]
[robovission.netlify.app/fonts/ui-iconsdc9c.html]
[robovission.netlify.app/fonts/ui-iconsdc9c-2.html]
[robovission.netlify.app/fonts/ui-iconsdc9c-3.html]
[robovission.netlify.app/fonts/ui-iconsdc9c-4.html]
[robovission.netlify.app/fonts/themify9f249f24.svg]
[robovission.netlify.app/img/core-img/footer-bg1.html]
[robovission.netlify.app/img/bg-img/bg-2.html]
